// Jest Snapshot v1, https://goo.gl/fbAQLP

exports[`InviteModal renders correctly 1`] = `null`;
